 rename docker-compose.md => good/docker-compose.md (100%)
 rename docker.md => good/docker.md (100%)
 rename dockerhub.md => good/dockerhub.md (100%)
 rename git.md => good/git.md (100%)
 rename gitlab.md => good/gitlab.md (100%)
 rename helm.md => good/helm.md (100%)
 rename jenkins.md => good/jenkins.md (100%)
 rename maven.md => good/maven.md (100%)
 rename python.md => good/python.md (100%)
 rename slack.md => good/slack.md (100%)
 rename vscode.md => good/vscode.md (100%)
 rename zoom.md => good/zoom.md (100%)
 create mode 100644 gpg.md
 create mode 100644 java.md
 create mode 100644 jmeter.md
 create mode 100644 mattermost.md
 create mode 100644 metallb.md
 create mode 100644 nginx.md
 create mode 100644 openvpn.md
 create mode 100644 postgres.md
 create mode 100644 pritubl.md
 create mode 100644 puppet.md
 create mode 100644 rancher.md
 create mode 100644 skype.md
erickemvou@erics-MBP-2 DEL-tools-intallation % ls
Argocd                  datadog.md              java.md                 slack.md
Kubernetes              docker-compose.md       jenkins.md              strongdm.md
README.md               docker.md               mattermost.md           terraform.md
SonarQube.md            dockerhub.md            maven.md                terragrunt.md
amazon-inspector.md     elk.md                  metallb.md              tomcat.md
ansible.md              fastly.md               nginx.md                treafik.md
apache-httpd.md         gcloud.md               openvpn.md              vault.md
aws-cli.md              git.md                  postgres.md             vscode.md
azure-cli.md            github.md               pritubl.md              whatsapp.md
azure-defender.md       gitlab.md               puppet.md               zoom.md
bamboo.md               gloo.md                 python.md
chef.md                 gpg.md                  rancher.md
collectd.md             helm.md                 skype.md
erickemvou@erics-MBP-2 DEL-tools-intallation % git add -A ; git commit -m "test" ; git push 
[main 24421cc] test
 23 files changed, 0 insertions(+), 0 deletions(-)
 rename {good/Argocd => Argocd}/argocd-cli.md (100%)
 rename {good/Argocd => Argocd}/argocd.md (100%)
 rename {good/Kubernetes => Kubernetes}/eksctl.md (100%)
 rename {good/Kubernetes => Kubernetes}/kubectl.md (100%)
 rename {good/Kubernetes => Kubernetes}/kubens.md (100%)
erickemvou@erics-MBP-2 DEL-tools-intallation % touch nexus.md 
erickemvou@erics-MBP-2 DEL-tools-intallation % git add -A ; git commit -m "test" ; git push 
erickemvou@erics-MBP-2 DEL-tools-intallation % touch pgadmin.md 
erickemvou@erics-MBP-2 DEL-tools-intallation % git add -A ; git commit -m "test" ; git push 
[main dd82f38] test
 1 file changed, 0 insertions(+), 0 deletions(-)
 create mode 100644 pgadmin.md
Enumerating objects: 4, done.
Counting objects: 100% (4/4), done.
Delta compression using up to 10 threads
Compressing objects: 100% (2/2), done.
Writing objects: 100% (3/3), 263 bytes | 263.00 KiB/s, done.
Total 3 (delta 1), reused 0 (delta 0), pack-reused 0
remote: Resolving deltas: 100% (1/1), completed with 1 local object.
To github.com:devopseasylearning/DEL-tools-intallation.git
   1091f4b..dd82f38  main -> main
